     1                                  bits 32 ; assembling for the 32 bits architecture
     2                                  
     3                                  ; declare the EntryPoint (a label defining the very first instruction of the program)
     4                                  global start        
     5                                  
     6                                  ; declare external functions needed by our program
     7                                  extern exit               ; tell nasm that exit exists even if we won't be defining it
     8                                  import exit msvcrt.dll    ; exit is a function that ends the calling process. It is defined in msvcrt.dll
     9                                                            ; msvcrt.dll contains exit, printf and all the other important C-runtime specific functions
    10                                  
    11                                  ; our data is declared here (the variables needed by our program)
    12                                  segment data use32 class=data
    13                                      ; ...
    14 00000000 0A                          a db 10
    15 00000001 19                          b db 25
    16 00000002 02                          c db 2
    17 00000003 40                          d db 64
    18 00000004 1900                        e dw 25
    19 00000006 1100                        f dw 17
    20 00000008 5500                        g dw 85
    21 0000000A 1300                        h dw 19  
    22                                  
    23                                  ; our code starts here
    24                                  segment code use32 class=code
    25                                      start:
    26                                          ; ...
    27 00000000 A0[00000000]                    mov al,[a]
    28 00000005 F6E0                            mul al
    29 00000007 668B1D[04000000]                mov bx,[e]
    30 0000000E 66031D[06000000]                add bx,[f]
    31 00000015 6629D8                          sub ax,bx
    32                                          ; exit(0)
    33 00000018 6A00                            push    dword 0      ; push the parameter for exit onto the stack
    34 0000001A FF15[00000000]                  call    [exit]       ; call exit to terminate the program
