     1                                  bits 32 ; assembling for the 32 bits architecture
     2                                  
     3                                  ; declare the EntryPoint (a label defining the very first instruction of the program)
     4                                  global start        
     5                                  
     6                                  ; declare external functions needed by our program
     7                                  extern exit               ; tell nasm that exit exists even if we won't be defining it
     8                                  import exit msvcrt.dll    ; exit is a function that ends the calling process. It is defined in msvcrt.dll
     9                                                            ; msvcrt.dll contains exit, printf and all the other important C-runtime specific functions
    10                                  
    11                                  ; our data is declared here (the variables needed by our program)
    12                                  segment data use32 class=data
    13                                      ; ...
    14 00000000 0A                          a db 10
    15 00000001 02                          b db 2
    16 00000002 10                          c db 16
    17 00000003 2A                          d db 42
    18 00000004 3400                        e dw 52
    19 00000006 1000                        f dw 16
    20 00000008 2400                        g dw 36
    21 0000000A 1C00                        h dw 28
    22                                  ; our code starts here
    23                                  segment code use32 class=code
    24                                      start:
    25                                          ; ...
    26 00000000 A0[00000000]                    mov al,[a]
    27 00000005 2A05[01000000]                  sub al,[b]
    28 0000000B B304                            mov bl,4
    29 0000000D F6E3                            mul bl
    30 0000000F F635[02000000]                  div byte [c]
    31                                  
    32                                          ; exit(0)
    33 00000015 6A00                            push    dword 0      ; push the parameter for exit onto the stack
    34 00000017 FF15[00000000]                  call    [exit]       ; call exit to terminate the program
