     1                                  bits 32 ; assembling for the 32 bits architecture
     2                                  
     3                                  ; declare the EntryPoint (a label defining the very first instruction of the program)
     4                                  global start        
     5                                  
     6                                  ; declare external functions needed by our program
     7                                  extern exit               ; tell nasm that exit exists even if we won't be defining it
     8                                  import exit msvcrt.dll    ; exit is a function that ends the calling process. It is defined in msvcrt.dll
     9                                                            ; msvcrt.dll contains exit, printf and all the other important C-runtime specific functions
    10                                  
    11                                  ; our data is declared here (the variables needed by our program)
    12                                  segment data use32 class=data
    13                                      ; ...
    14 00000000 0A                          a db 10
    15 00000001 0C                          b db 12
    16 00000002 05                          c db 5
    17 00000003 2D00                        d dw 45
    18                                  ; our code starts here
    19                                  segment code use32 class=code
    20                                      start:
    21                                          ; ...
    22 00000000 66B80000                        mov ax,0
    23 00000004 A0[00000000]                    mov al,[a]
    24 00000009 0205[01000000]                  add al,[b]
    25 0000000F B302                            mov bl,2
    26 00000011 F6F3                            div bl
    27 00000013 88C3                            mov bl,al
    28 00000015 66B80000                        mov ax,0
    29 00000019 A0[00000000]                    mov al,[a]
    30 0000001E F635[02000000]                  div byte [c]
    31 00000024 B10A                            mov cl,10
    32 00000026 28C1                            sub cl,al
    33 00000028 00CB                            add bl,cl
    34 0000002A 66B80000                        mov ax,0
    35 0000002E A0[01000000]                    mov al,[b]
    36 00000033 B104                            mov cl,4
    37 00000035 F6F1                            div cl
    38 00000037 00C3                            add bl,al
    39                                          
    40                                          ; exit(0)
    41 00000039 6A00                            push    dword 0      ; push the parameter for exit onto the stack
    42 0000003B FF15[00000000]                  call    [exit]       ; call exit to terminate the program
