     1                                  bits 32 ; assembling for the 32 bits architecture
     2                                  
     3                                  ; declare the EntryPoint (a label defining the very first instruction of the program)
     4                                  global start        
     5                                  
     6                                  ; declare external functions needed by our program
     7                                  extern exit               ; tell nasm that exit exists even if we won't be defining it
     8                                  import exit msvcrt.dll    ; exit is a function that ends the calling process. It is defined in msvcrt.dll
     9                                                            ; msvcrt.dll contains exit, printf and all the other important C-runtime specific functions
    10                                  
    11                                  ; our data is declared here (the variables needed by our program)
    12                                  segment data use32 class=data
    13                                      ; ...
    14 00000000 0A                          a db 10
    15 00000001 04                          b db 4
    16 00000002 03                          c db 3
    17 00000003 0C                          d db 12
    18                                  
    19                                  ; our code starts here
    20                                  segment code use32 class=code
    21                                      start:
    22                                          ; ...
    23 00000000 A0[00000000]                    mov al,[a]
    24 00000005 040D                            add al,13
    25 00000007 2A05[02000000]                  sub al,[c]
    26 0000000D 0205[03000000]                  add al,[d]
    27 00000013 2C07                            sub al,7
    28 00000015 0205[01000000]                  add al,[b]
    29                                          ; exit(0)
    30 0000001B 6A00                            push    dword 0      ; push the parameter for exit onto the stack
    31 0000001D FF15[00000000]                  call    [exit]       ; call exit to terminate the program
